0,0
1,0
2,0 dungeon:wbrcn
3,0 dungeon:wb1
4,0 dungeon:wb1
5,0 dungeon:wb1
6,0 dungeon:wblcn
7,0
8,0
9,0
10,0
11,0
12,0
13,0
14,0
15,0

0,1
1,1
2,1 dungeon:dark dungeon:wr2 dungeon:lb
3,1 dungeon:dark dungeon:mls objects:skull_ftop
4,1 dungeon:dark dungeon:m1
5,1 dungeon:dark dungeon:mrs
6,1 dungeon:dark dungeon:wbl
7,1 dungeon:wb2
8,1 dungeon:wb2
9,1 dungeon:wb2
10,1 dungeon:wblcn
11,1
12,1
13,1
14,1
15,1

0,2
1,2
2,2 dungeon:light dungeon:lb dungeon:wr1
3,2 dungeon:ms dungeon:os1 objects:skull_base2
4,2 [1] dungeon:ms
5,2 [1] dungeon:ms
6,2 dungeon:dark dungeon:ml
7,2 dungeon:dark dungeon:m2
8,2 dungeon:dark dungeon:m1
9,2 dungeon:dark dungeon:m2
10,2 dungeon:dark dungeon:wl1
11,2 dungeon:wb4
12,2 dungeon:wb4
13,2 dungeon:wb4
14,2 dungeon:wblcn
15,2

0,3
1,3
2,3 dungeon:n1 dungeon:wr3 dungeon:lb
3,3 [1] dungeon:os2
4,3 [1] dungeon:n1
5,3 [1] dungeon:n1
6,3 [1] dungeon:nls
7,3 [1] dungeon:ms
8,3 [1] dungeon:ms
9,3 [1] dungeon:ms
10,3 dungeon:dark dungeon:ml
11,3 dungeon:dark dungeon:m2
12,3 dungeon:dark dungeon:m1
13,3 dungeon:dark dungeon:mrs
14,3 dungeon:dark dungeon:wl2
15,3

0,4
1,4
2,4 dungeon:wtrcn
3,4 [1] dungeon:n1 dungeon:wtr:2
4,4 [1] dungeon:n4
5,4 [1] dungeon:n1 dungeon:wtl:2
6,4 [1] dungeon:n1 dungeon:wt2:2
7,4 [1] dungeon:n1 dungeon:wt2:2
8,4 [1] dungeon:n1 dungeon:wtr:2
9,4 [1] dungeon:n1
10,4 [1] dungeon:nls
11,4 [1] dungeon:ms
12,4 [1] dungeon:ms
13,4 [1] dungeon:ms objects:skull_ftop:V2
14,4 dungeon:light dungeon:wl2
15,4

0,5
1,5
2,5 dungeon:wbrcn
3,5 dungeon:n1 dungeon:wbr
4,5 [1] dungeon:n1
5,5 dungeon:n1 dungeon:wbl
6,5 dungeon:wblcn
7,5 dungeon:wbrcn
8,5 dungeon:wtrcn dungeon:wb7
9,5 [1] dungeon:n1 dungeon:wrc:2
10,5 [1] dungeon:n1
11,5 [1] dungeon:n1
12,5 [1] dungeon:n4
13,5 dungeon:n1 dungeon:os1 objects:skull_base1
14,5 dungeon:n1 dungeon:wl2
15,5

0,6
1,6
2,6 dungeon:dark dungeon:wr1 dungeon:lb
3,6 dungeon:dark dungeon:mrls
4,6 [1] dungeon:n1
5,6 dungeon:dark dungeon:mlrs
6,6 dungeon:dark dungeon:wl2
7,6 dungeon:dark dungeon:wr1 dungeon:lb
8,6 dungeon:dark dungeon:mls
9,6 dungeon:dark dungeon:mr
10,6 [1] dungeon:n1
11,6 [1] dungeon:n6
12,6 [1] dungeon:n1
13,6 [1] dungeon:os2
14,6 dungeon:n1 dungeon:wl2
15,6

0,7
1,7
2,7 dungeon:light dungeon:wr1 dungeon:lb
3,7 [1] dungeon:nrs
4,7 [1] dungeon:n1 objects:skull_ftop:V2
5,7 [1] dungeon:nls
6,7 dungeon:light dungeon:wl2
7,7 dungeon:light dungeon:wr2 dungeon:lb
8,7 [1] dungeon:ms
9,7 [1] dungeon:nrs
10,7 [1] dungeon:n1 dungeon:n1
11,7 [1] dungeon:n1
12,7 [1] dungeon:n6
13,7 [1] dungeon:n1
14,7 dungeon:n1 dungeon:wl2
15,7

0,8
1,8
2,8 dungeon:n1 dungeon:wr1 dungeon:lb
3,8 [1] dungeon:n1
4,8 dungeon:n1 dungeon:os1 objects:skull_base1
5,8 [1] dungeon:n1
6,8 dungeon:n1 dungeon:wl2
7,8 dungeon:n1 dungeon:wr1 dungeon:lb
8,8 [1] dungeon:n1
9,8 [1] dungeon:n1 dungeon:wtl:2
10,8 [1] dungeon:n1 dungeon:wt1:2
11,8 [1] dungeon:n1 dungeon:wt2:2
12,8 [1] dungeon:n1 dungeon:wt2:2
13,8 [1] dungeon:n1 dungeon:wt3:2
14,8 dungeon:wtlcn
15,8

0,9
1,9
2,9 dungeon:n1 dungeon:wr1 dungeon:lb
3,9 [1] dungeon:n1
4,9 [1] dungeon:os2
5,9 [1] dungeon:n6
6,9 dungeon:n1 dungeon:wl2
7,9 dungeon:n1 dungeon:wr1 dungeon:lb
8,9 [1] dungeon:n5
9,9 dungeon:n1 dungeon:wbl
10,9 dungeon:wb6
11,9 dungeon:wb2
12,9 dungeon:wblcn
13,9
14,9
15,9

0,10
1,10
2,10 dungeon:n1 dungeon:wr1 dungeon:lb
3,10 [1] dungeon:n4
4,10 [1] dungeon:n1 objects:skull_ftop:2
5,10 [1] dungeon:n1
6,10 dungeon:n1 dungeon:wl2
7,10 dungeon:n1 dungeon:wr1 dungeon:lb
8,10 [1] dungeon:n1
9,10 dungeon:dark dungeon:ml
10,10 dungeon:dark dungeon:m2
11,10 dungeon:dark dungeon:mrs objects:skull_ftop
12,10 dungeon:dark dungeon:wl2
13,10
14,10
15,10

0,11
1,11
2,11 dungeon:n1 dungeon:wr1 dungeon:lb
3,11 [1] dungeon:n1
4,11 dungeon:n1 dungeon:os1 objects:skull_base2 objects:skull_ftop
5,11 [1] dungeon:n5
6,11 dungeon:n1 dungeon:wl2
7,11 dungeon:n1 dungeon:wr3 dungeon:lb
8,11 [1] dungeon:n1
9,11 [1] dungeon:nls
10,11 [1] dungeon:ms
11,11 dungeon:ms dungeon:os1 objects:skull_base1
12,11 dungeon:light dungeon:wbl
13,11 dungeon:wblcn
14,11
15,11

0,12
1,12
2,12 dungeon:n1 dungeon:wr1 dungeon:lb
3,12 [1] dungeon:n1
4,12 dungeon:os2 dungeon:os1 objects:skull_base1
5,12 [1] dungeon:n1
6,12 dungeon:n1 dungeon:wl2
7,12 dungeon:wtrcn
8,12 [1] dungeon:n1 dungeon:wtr:2
9,12 [1] dungeon:n5
10,12 [1] dungeon:n1
11,12 [1] dungeon:os2
12,12 dungeon:dark dungeon:mlrs
13,12 dungeon:dark dungeon:wl2
14,12
15,12

0,13
1,13
2,13 dungeon:wtrcn
3,13 [1] dungeon:n1 dungeon:wtr:2
4,13 [1] dungeon:n1 dungeon:os2
5,13 [1] dungeon:n1 dungeon:wtl:2
6,13 dungeon:wtlcn
7,13
8,13 dungeon:n1 dungeon:wr1 dungeon:lb
9,13 [1] dungeon:n1
10,13 [1] dungeon:n6
11,13 [1] dungeon:n1
12,13 [1] dungeon:nls
13,13 dungeon:light dungeon:wl2
14,13
15,13

0,14
1,14
2,14
3,14 dungeon:n1 dungeon:wr3 dungeon:lb
4,14 [1] dungeon:n1
5,14 dungeon:n1 dungeon:wl1
6,14
7,14
8,14 dungeon:wtrcn
9,14 [1] dungeon:n1 dungeon:wt3:2
10,14 [1] dungeon:n1 dungeon:wtr:2
11,14 [1] dungeon:n1
12,14 [1] dungeon:n1 dungeon:wtl:2
13,14 dungeon:wtlcn
14,14
15,14

0,15
1,15
2,15
3,15 dungeon:n1 dungeon:wr3 dungeon:lb
4,15 [1] dungeon:n1
5,15 dungeon:n1 dungeon:wl1
6,15
7,15
8,15
9,15
10,15 dungeon:n1 dungeon:wr2 dungeon:lb
11,15 [1] dungeon:n1
12,15 dungeon:n1 dungeon:wl2
13,15
14,15
15,15

sprite flames 2 3,1
sprite flames 2 4,7
sprite flames 2 4,10
sprite flames 2 4,11
sprite flames 2 13,4
sprite flames 2 11,10
sprite beetle 1 3,10 5,10 5,13 3,13
sprite beetle 1 5,7 3,7 3,9 5,9
sprite beetle 1 9,4 10,4 10,7 12,7 12,5 9,5
sprite coin 1 11,6
sprite coin 1 4,3

event boundary down 4 : transition central 19,18 3 down
event boundary down 11 : transition central 23,23 1 down
